"test1"
"HERBIVORE"
"Eats"
"Plant"
"HERBIVORE"
"Eats"
"Grass"
"Plant"
"OK"
"test2"
"HERBIVORE"
"Eats"
"Plant"
"Cow"
"Eats"
"Grass"
"Plant"
"HERBIVORE"
"Eats"
"Grass"
"Plant"
"OK"
"test3"
"HERBIVORE"
"Eats"
"Plant"
"Cow"
"Eats"
"Grass"
"Plant"
"HERBIVORE"
"Eats"
"Grass"
"Plant"
"Cow"
"HERBIVORE"
"OK"
