<<HList.Record (HList.HCons ((HList.Proxy DynamicOo.Label1),Bool) HList.HNil)>>
<<HList.Record (HList.HCons ((HList.Proxy DynamicOo.Label1),Bool) (HList.HCons ((HList.Proxy DynamicOo.Label2),Int) HList.HNil))>>
<<HList.Record (HList.HCons ((HList.Proxy DynamicOo.Label1),Bool) (HList.HCons ((HList.Proxy DynamicOo.Label3),Float) HList.HNil))>>
Just Record{label1=True,label2=1}
Nothing
True
1
True
2.0
Just 1
Nothing
Nothing
Just 2.0
