mySelfishOOP
7
9
9
testInheritance
(5,"red")
testGeneric
14
testVirtual
7
2
9
9
testVirtual'
7
2
9
9
testRestricted
7
9
testRestricted'
7
9
testOverride
color_pt3:
 uncolored part - 5
          color - "red"
testDiamond
super1: 42
super2: 42
super3: color_pt3:
 uncolored part - 42
          color - "blue"
super1: 46
super2: 46
super3: color_pt3:
 uncolored part - 44
          color - "blue"
